<html>
<body>
<pre>
<h1>µVision Build Log</h1>
<h2>Tool Versions:</h2>
IDE-Version: ¦ÌVision V5.33.0.0
Copyright (C) 2020 ARM Ltd and ARM Germany GmbH. All rights reserved.
License Information: F fgl, F, LIC=CZLZX-HXJX0-QDEKD-8BUG6-IWFZC-EW2JL
 
Tool Versions:
Toolchain:       MDK-ARM Plus  Version: 5.33.0.0
Toolchain Path:  D:\KEIL\ARM\ARMCLANG\Bin
C Compiler:      ArmClang.exe V6.15
Assembler:       Armasm.exe V6.15
Linker/Locator:  ArmLink.exe V6.15
Library Manager: ArmAr.exe V6.15
Hex Converter:   FromElf.exe V6.15
CPU DLL:         SARMCM3.DLL V5.33.0.0
Dialog DLL:      DCM.DLL V1.17.3.0
Target DLL:      Segger\JL2CM3.dll V2.99.38.0
Dialog DLL:      TCM.DLL V1.48.0.0
 
<h2>Project:</h2>
D:\workspace_fgl\demo_h7\fgl_demo\dm-mc02-h723-framework\firmware\app\MDK-ARM\dm_mc02_h723_app.uvprojx
Project File Date:  06/01/2026

<h2>Output:</h2>
*** Using Compiler 'V6.15', folder: 'D:\KEIL\ARM\ARMCLANG\Bin'
Build target 'dm_mc02_h723_app'
../Core/Src/main.c(111): warning: format specifies type 'unsigned long' but the argument has type 'uint32_t' (aka 'unsigned int') [-Wformat]
    printf("  MMFSR = 0x%02lX\r\n", mmfsr);
                        ~~~~~       ^~~~~
                        %02X
../Core/Src/main.c(112): warning: format specifies type 'unsigned long' but the argument has type 'uint32_t' (aka 'unsigned int') [-Wformat]
    printf("  BFSR  = 0x%02lX\r\n", bfsr);
                        ~~~~~       ^~~~
                        %02X
../Core/Src/main.c(113): warning: format specifies type 'unsigned long' but the argument has type 'uint32_t' (aka 'unsigned int') [-Wformat]
    printf("  UFSR  = 0x%04lX\r\n", ufsr);
                        ~~~~~       ^~~~
                        %04X
../Core/Src/main.c(256): warning: format specifies type 'unsigned long' but the argument has type 'uint32_t' (aka 'unsigned int') [-Wformat]
    printf("R0   = 0x%08lX\r\n", r0);
                     ~~~~~       ^~
                     %08X
../Core/Src/main.c(257): warning: format specifies type 'unsigned long' but the argument has type 'uint32_t' (aka 'unsigned int') [-Wformat]
    printf("R1   = 0x%08lX\r\n", r1);
                     ~~~~~       ^~
                     %08X
../Core/Src/main.c(258): warning: format specifies type 'unsigned long' but the argument has type 'uint32_t' (aka 'unsigned int') [-Wformat]
    printf("R2   = 0x%08lX\r\n", r2);
                     ~~~~~       ^~
                     %08X
../Core/Src/main.c(259): warning: format specifies type 'unsigned long' but the argument has type 'uint32_t' (aka 'unsigned int') [-Wformat]
    printf("R3   = 0x%08lX\r\n", r3);
                     ~~~~~       ^~
                     %08X
../Core/Src/main.c(260): warning: format specifies type 'unsigned long' but the argument has type 'uint32_t' (aka 'unsigned int') [-Wformat]
    printf("R12  = 0x%08lX\r\n", r12);
                     ~~~~~       ^~~
                     %08X
../Core/Src/main.c(261): warning: format specifies type 'unsigned long' but the argument has type 'uint32_t' (aka 'unsigned int') [-Wformat]
    printf("LR   = 0x%08lX\r\n", lr);
                     ~~~~~       ^~
                     %08X
../Core/Src/main.c(262): warning: format specifies type 'unsigned long' but the argument has type 'uint32_t' (aka 'unsigned int') [-Wformat]
    printf("PC   = 0x%08lX\r\n", pc);
                     ~~~~~       ^~
                     %08X
../Core/Src/main.c(263): warning: format specifies type 'unsigned long' but the argument has type 'uint32_t' (aka 'unsigned int') [-Wformat]
    printf("xPSR = 0x%08lX\r\n", xpsr);
                     ~~~~~       ^~~~
                     %08X
../Core/Src/main.c(266): warning: format specifies type 'unsigned long' but the argument has type 'uint32_t' (aka 'unsigned int') [-Wformat]
    printf("CFSR = 0x%08lX\r\n", SCB->CFSR);
                     ~~~~~       ^~~~~~~~~
                     %08X
../Drivers/CMSIS/Include\core_cm7.h(1778): note: expanded from macro 'SCB'
#define SCB                 ((SCB_Type       *)     SCB_BASE      )   /*!< SCB configuration struct */
                            ^
../Core/Src/main.c(267): warning: format specifies type 'unsigned long' but the argument has type 'uint32_t' (aka 'unsigned int') [-Wformat]
    printf("HFSR = 0x%08lX\r\n", SCB->HFSR);
                     ~~~~~       ^~~~~~~~~
                     %08X
../Drivers/CMSIS/Include\core_cm7.h(1778): note: expanded from macro 'SCB'
#define SCB                 ((SCB_Type       *)     SCB_BASE      )   /*!< SCB configuration struct */
                            ^
../Core/Src/main.c(268): warning: format specifies type 'unsigned long' but the argument has type 'uint32_t' (aka 'unsigned int') [-Wformat]
    printf("DFSR = 0x%08lX\r\n", SCB->DFSR);
                     ~~~~~       ^~~~~~~~~
                     %08X
../Drivers/CMSIS/Include\core_cm7.h(1778): note: expanded from macro 'SCB'
#define SCB                 ((SCB_Type       *)     SCB_BASE      )   /*!< SCB configuration struct */
                            ^
../Core/Src/main.c(269): warning: format specifies type 'unsigned long' but the argument has type 'uint32_t' (aka 'unsigned int') [-Wformat]
    printf("AFSR = 0x%08lX\r\n", SCB->AFSR);
                     ~~~~~       ^~~~~~~~~
                     %08X
../Drivers/CMSIS/Include\core_cm7.h(1778): note: expanded from macro 'SCB'
#define SCB                 ((SCB_Type       *)     SCB_BASE      )   /*!< SCB configuration struct */
                            ^
../Core/Src/main.c(270): warning: format specifies type 'unsigned long' but the argument has type 'uint32_t' (aka 'unsigned int') [-Wformat]
    printf("MMFAR= 0x%08lX\r\n", SCB->MMFAR);
                     ~~~~~       ^~~~~~~~~~
                     %08X
../Drivers/CMSIS/Include\core_cm7.h(1778): note: expanded from macro 'SCB'
#define SCB                 ((SCB_Type       *)     SCB_BASE      )   /*!< SCB configuration struct */
                            ^
../Core/Src/main.c(271): warning: format specifies type 'unsigned long' but the argument has type 'uint32_t' (aka 'unsigned int') [-Wformat]
    printf("BFAR = 0x%08lX\r\n", SCB->BFAR);
                     ~~~~~       ^~~~~~~~~
                     %08X
../Drivers/CMSIS/Include\core_cm7.h(1778): note: expanded from macro 'SCB'
#define SCB                 ((SCB_Type       *)     SCB_BASE      )   /*!< SCB configuration struct */
                            ^
../Core/Src/main.c(431): warning: format specifies type 'unsigned long' but the argument has type 'uint32_t' (aka 'unsigned int') [-Wformat]
    printf("  SYSCLK = %lu Hz\r\n", HAL_RCC_GetSysClockFreq());
                       ~~~          ^~~~~~~~~~~~~~~~~~~~~~~~~
                       %u
../Core/Src/main.c(432): warning: format specifies type 'unsigned long' but the argument has type 'uint32_t' (aka 'unsigned int') [-Wformat]
    printf("  HCLK   = %lu Hz\r\n", HAL_RCC_GetHCLKFreq());
                       ~~~          ^~~~~~~~~~~~~~~~~~~~~
                       %u
../Core/Src/main.c(433): warning: format specifies type 'unsigned long' but the argument has type 'uint32_t' (aka 'unsigned int') [-Wformat]
    printf("  PCLK1  = %lu Hz\r\n", HAL_RCC_GetPCLK1Freq());
                       ~~~          ^~~~~~~~~~~~~~~~~~~~~~
                       %u
../Core/Src/main.c(434): warning: format specifies type 'unsigned long' but the argument has type 'uint32_t' (aka 'unsigned int') [-Wformat]
    printf("  PCLK2  = %lu Hz\r\n", HAL_RCC_GetPCLK2Freq());
                       ~~~          ^~~~~~~~~~~~~~~~~~~~~~
                       %u
../Core/Src/main.c(484): warning: format specifies type 'unsigned long' but the argument has type 'uint32_t' (aka 'unsigned int') [-Wformat]
        printf("  HAL_GetTick = %lu ms\r\n", HAL_GetTick());
                                ~~~          ^~~~~~~~~~~~~
                                %u
../Core/Src/main.c(494): warning: format specifies type 'unsigned long' but the argument has type 'uint32_t' (aka 'unsigned int') [-Wformat]
    printf("[BOOT] uptime = %lu ms\r\n", HAL_GetTick());
                            ~~~          ^~~~~~~~~~~~~
                            %u
23 warnings generated.
compiling main.c...
linking...
Program Size: Code=18148 RO-data=2348 RW-data=20 ZI-data=1188  
FromELF: creating hex file...
"dm_mc02_h723_app\dm_mc02_h723_app.axf" - 0 Error(s), 23 Warning(s).

<h2>Software Packages used:</h2>

Package Vendor: ARM
                http://www.keil.com/pack/ARM.CMSIS.5.7.0.pack
                ARM.CMSIS.5.7.0
                CMSIS (Cortex Microcontroller Software Interface Standard)
   * Component: CORE Version: 5.4.0

Package Vendor: Keil
                https://www.keil.com/pack/Keil.STM32H7xx_DFP.4.0.0.pack
                Keil.STM32H7xx_DFP.4.0.0
                STMicroelectronics STM32H7 Series Device Support

<h2>Collection of Component include folders:</h2>
  .\RTE\_dm_mc02_h723_app
  D:\KEIL\PACK\ARM\CMSIS\5.7.0\CMSIS\Core\Include

<h2>Collection of Component Files used:</h2>

   * Component: ARM::CMSIS:CORE:5.4.0
      Include file:  CMSIS\Core\Include\tz_context.h
Build Time Elapsed:  00:00:00
</pre>
</body>
</html>
