<html>
<body>
<pre>
<h1>µVision Build Log</h1>
<h2>Tool Versions:</h2>
IDE-Version: ¦ÌVision V5.33.0.0
Copyright (C) 2020 ARM Ltd and ARM Germany GmbH. All rights reserved.
License Information: F fgl, F, LIC=CZLZX-HXJX0-QDEKD-8BUG6-IWFZC-EW2JL
 
Tool Versions:
Toolchain:       MDK-ARM Plus  Version: 5.33.0.0
Toolchain Path:  D:\KEIL\ARM\ARMCLANG\Bin
C Compiler:      ArmClang.exe V6.15
Assembler:       Armasm.exe V6.15
Linker/Locator:  ArmLink.exe V6.15
Library Manager: ArmAr.exe V6.15
Hex Converter:   FromElf.exe V6.15
CPU DLL:         SARMCM3.DLL V5.33.0.0
Dialog DLL:      DCM.DLL V1.17.3.0
Target DLL:      Segger\JL2CM3.dll V2.99.38.0
Dialog DLL:      TCM.DLL V1.48.0.0
 
<h2>Project:</h2>
D:\workspace_fgl\demo_h7\fgl_demo\dm-mc02-h723-framework\firmware\app\MDK-ARM\dm_mc02_h723_app.uvprojx
Project File Date:  06/02/2026

<h2>Output:</h2>
*** Using Compiler 'V6.15', folder: 'D:\KEIL\ARM\ARMCLANG\Bin'
Build target 'dm_mc02_h723_app'
../App/app_main.c(87): warning: format specifies type 'unsigned long' but the argument has type 'uint32_t' (aka 'unsigned int') [-Wformat]
    printf("  SYSCLK = %lu Hz\r\n", HAL_RCC_GetSysClockFreq());
                       ~~~          ^~~~~~~~~~~~~~~~~~~~~~~~~
                       %u
../App/app_main.c(88): warning: format specifies type 'unsigned long' but the argument has type 'uint32_t' (aka 'unsigned int') [-Wformat]
    printf("  HCLK   = %lu Hz\r\n", HAL_RCC_GetHCLKFreq());
                       ~~~          ^~~~~~~~~~~~~~~~~~~~~
                       %u
../App/app_main.c(89): warning: format specifies type 'unsigned long' but the argument has type 'uint32_t' (aka 'unsigned int') [-Wformat]
    printf("  PCLK1  = %lu Hz\r\n", HAL_RCC_GetPCLK1Freq());
                       ~~~          ^~~~~~~~~~~~~~~~~~~~~~
                       %u
../App/app_main.c(90): warning: format specifies type 'unsigned long' but the argument has type 'uint32_t' (aka 'unsigned int') [-Wformat]
    printf("  PCLK2  = %lu Hz\r\n", HAL_RCC_GetPCLK2Freq());
                       ~~~          ^~~~~~~~~~~~~~~~~~~~~~
                       %u
../App/app_main.c(97): warning: format specifies type 'unsigned long' but the argument has type 'uint32_t' (aka 'unsigned int') [-Wformat]
    printf("  HAL_GetTick = %lu ms\r\n", PlatformTime_GetMs());
                            ~~~          ^~~~~~~~~~~~~~~~~~~~
                            %u
5 warnings generated.
compiling app_main.c...
linking...
Program Size: Code=22544 RO-data=2416 RW-data=20 ZI-data=1196  
FromELF: creating hex file...
"dm_mc02_h723_app\dm_mc02_h723_app.axf" - 0 Error(s), 5 Warning(s).

<h2>Software Packages used:</h2>

Package Vendor: ARM
                http://www.keil.com/pack/ARM.CMSIS.5.7.0.pack
                ARM.CMSIS.5.7.0
                CMSIS (Cortex Microcontroller Software Interface Standard)
   * Component: CORE Version: 5.4.0

Package Vendor: Keil
                https://www.keil.com/pack/Keil.STM32H7xx_DFP.4.0.0.pack
                Keil.STM32H7xx_DFP.4.0.0
                STMicroelectronics STM32H7 Series Device Support

<h2>Collection of Component include folders:</h2>
  .\RTE\_dm_mc02_h723_app
  D:\KEIL\PACK\ARM\CMSIS\5.7.0\CMSIS\Core\Include

<h2>Collection of Component Files used:</h2>

   * Component: ARM::CMSIS:CORE:5.4.0
      Include file:  CMSIS\Core\Include\tz_context.h
Build Time Elapsed:  00:00:01
</pre>
</body>
</html>
